// Jest Snapshot v1, https://goo.gl/fbAQLP

exports[`match snap 1`] = `
<h1
  data-testid="todo-1"
>
  one
</h1>
`;
